[notification-worker] %6|1791207188.039|FAIL|rdkafka#consumer-1| [thrd:localhost:9092/bootstrap]: localhost:9092/bootstrap: Disconnected: connection reset by peer (after 119ms in state APIVERSION_QUERY)
[notification-worker] %6|1791207188.040|FAIL|rdkafka#producer-2| [thrd:localhost:9092/bootstrap]: localhost:9092/bootstrap: Disconnected: connection reset by peer (after 120ms in state APIVERSION_QUERY)
[notification-worker] %6|1791207188.221|FAIL|rdkafka#producer-2| [thrd:localhost:9092/bootstrap]: localhost:9092/bootstrap: Disconnected: connection reset by peer (after 6ms in state APIVERSION_QUERY, 1 identical error(s) suppressed)
[notification-worker] %6|1791207188.337|FAIL|rdkafka#consumer-1| [thrd:localhost:9092/bootstrap]: localhost:9092/bootstrap: Disconnected: connection reset by peer (after 25ms in state APIVERSION_QUERY, 1 identical error(s) suppressed)
[notification-worker] %6|1791207202.246|FAIL|rdkafka#producer-2| [thrd:localhost:9092/bootstrap]: localhost:9092/bootstrap: Disconnected: connection closed by peer: receive 0 after POLLIN (after 0ms in state APIVERSION_QUERY)
[notification-worker] %6|1791207212.256|FAIL|rdkafka#producer-2| [thrd:localhost:9092/bootstrap]: localhost:9092/bootstrap: Disconnected: connection reset by peer (after 8ms in state APIVERSION_QUERY)
[notification-worker] %6|1791207220.671|FAIL|rdkafka#consumer-1| [thrd:localhost:9092/bootstrap]: localhost:9092/bootstrap: Disconnected: connection reset by peer (after 7ms in state APIVERSION_QUERY, 5 identical error(s) suppressed)
[notification-worker] %6|1791207222.262|FAIL|rdkafka#producer-2| [thrd:localhost:9092/bootstrap]: localhost:9092/bootstrap: Disconnected: connection reset by peer (after 5ms in state APIVERSION_QUERY, 1 identical error(s) suppressed)
[notification-worker] %6|1791207232.290|FAIL|rdkafka#producer-2| [thrd:localhost:9092/bootstrap]: localhost:9092/bootstrap: Disconnected: connection closed by peer: receive 0 after POLLIN (after 0ms in state APIVERSION_QUERY)
[notification-worker] %6|1791207242.341|FAIL|rdkafka#producer-2| [thrd:localhost:9092/bootstrap]: localhost:9092/bootstrap: Disconnected: connection reset by peer (after 38ms in state APIVERSION_QUERY)
[notification-worker] Notification Service listening for confirmed orders...
[notification-worker] 
[notification-worker] Consumed from notifications.events partition=0 offset=13
[notification-worker] Notification 14 sent for order 15
[notification-worker] Committed offset 13
[notification-worker] Notification Service listening for confirmed orders...
[notification-worker] 
[notification-worker] Consumed from notifications.events partition=0 offset=14
[notification-worker] Notification 15 sent for order 16
[notification-worker] Committed offset 14
[notification-worker] Notification Service listening for confirmed orders...
[notification-worker] 
[notification-worker] Consumed from notifications.events partition=0 offset=15
[notification-worker] Notification 16 sent for order 17
[notification-worker] Committed offset 15
[notification-worker] {"timestamp": "2026-10-05T14:18:22.385700+00:00", "level": "INFO", "service": "notification-service", "message": "Notification Service started", "topic": "notifications.events"}
[notification-worker] {"timestamp": "2026-10-05T14:26:00.691779+00:00", "level": "INFO", "service": "kafka-consumer:notification-service", "message": "Kafka consumer subscribed", "topic": "notifications.events"}
[notification-worker] {"timestamp": "2026-10-05T14:26:00.692387+00:00", "level": "INFO", "service": "notification-service", "message": "Notification Service started", "topic": "notifications.events"}
[notification-worker] {"timestamp": "2026-10-05T14:32:07.531391+00:00", "level": "INFO", "service": "kafka-consumer:notification-service", "message": "Kafka consumer subscribed", "topic": "notifications.events"}
[notification-worker] {"timestamp": "2026-10-05T14:32:07.531703+00:00", "level": "INFO", "service": "notification-service", "message": "Notification Service started", "topic": "notifications.events"}
[notification-worker] {"timestamp": "2026-10-05T14:44:05.940692+00:00", "level": "INFO", "service": "kafka-consumer:notification-service", "message": "Kafka consumer subscribed", "topic": "notifications.events"}
[notification-worker] {"timestamp": "2026-10-05T14:44:05.940994+00:00", "level": "INFO", "service": "notification-service", "message": "Notification Service started", "topic": "notifications.events"}
[notification-worker] %6|1791287024.407|FAIL|rdkafka#consumer-1| [thrd:localhost:9092/bootstrap]: localhost:9092/bootstrap: Disconnected: connection reset by peer (after 53ms in state APIVERSION_QUERY)
[notification-worker] {"timestamp": "2026-10-06T11:43:44.418666+00:00", "level": "INFO", "service": "kafka-consumer:notification-service", "message": "Kafka consumer subscribed", "topic": "notifications.events"}
[notification-worker] {"timestamp": "2026-10-06T11:43:44.419066+00:00", "level": "INFO", "service": "notification-service", "message": "Notification Service started", "topic": "notifications.events"}
[notification-worker] %6|1791287024.423|FAIL|rdkafka#producer-2| [thrd:localhost:9092/bootstrap]: localhost:9092/bootstrap: Disconnected: connection reset by peer (after 11ms in state APIVERSION_QUERY)
[notification-worker] %6|1791287024.619|FAIL|rdkafka#producer-2| [thrd:localhost:9092/bootstrap]: localhost:9092/bootstrap: Disconnected: connection closed by peer: receive 0 after POLLIN (after 0ms in state APIVERSION_QUERY)
[notification-worker] %6|1791287024.650|FAIL|rdkafka#consumer-1| [thrd:localhost:9092/bootstrap]: localhost:9092/bootstrap: Disconnected: connection closed by peer: receive 0 after POLLIN (after 0ms in state APIVERSION_QUERY)
[notification-worker] %6|1791287025.276|FAIL|rdkafka#producer-2| [thrd:localhost:9092/bootstrap]: localhost:9092/bootstrap: Disconnected: connection reset by peer (after 6ms in state APIVERSION_QUERY)
[notification-worker] %6|1791287025.556|FAIL|rdkafka#consumer-1| [thrd:localhost:9092/bootstrap]: localhost:9092/bootstrap: Disconnected: connection reset by peer (after 1ms in state APIVERSION_QUERY)
[notification-worker] %6|1791287028.665|FAIL|rdkafka#producer-2| [thrd:localhost:9092/bootstrap]: localhost:9092/bootstrap: Disconnected: connection reset by peer (after 1ms in state APIVERSION_QUERY, 1 identical error(s) suppressed)
[notification-worker] %6|1791287028.911|FAIL|rdkafka#consumer-1| [thrd:localhost:9092/bootstrap]: localhost:9092/bootstrap: Disconnected: connection reset by peer (after 1ms in state APIVERSION_QUERY, 1 identical error(s) suppressed)
[notification-worker] {"timestamp": "2026-10-06T11:49:46.016966+00:00", "level": "INFO", "service": "kafka-consumer:notification-service", "message": "Kafka consumer subscribed", "topic": "notifications.events"}
[notification-worker] {"timestamp": "2026-10-06T11:49:46.019581+00:00", "level": "INFO", "service": "notification-service", "message": "Notification Service started", "topic": "notifications.events"}
[notification-worker] {"timestamp": "2026-10-06T11:50:03.911351+00:00", "level": "INFO", "service": "kafka-consumer:notification-service", "message": "Kafka event consumed", "event_id": "7f655a84-2804-4c47-b4e7-e361ed4125a2", "event_type": "order.confirmed", "order_id": 18, "topic": "notifications.events", "partition": 0, "offset": 16}
[notification-worker] {"timestamp": "2026-10-06T11:50:03.911647+00:00", "level": "INFO", "service": "notification-service", "message": "Processing order.confirmed", "event_id": "7f655a84-2804-4c47-b4e7-e361ed4125a2", "event_type": "order.confirmed", "order_id": 18}
[notification-worker] {"timestamp": "2026-10-06T11:50:04.074634+00:00", "level": "INFO", "service": "notification-service", "message": "Notification sent", "event_id": "7f655a84-2804-4c47-b4e7-e361ed4125a2", "event_type": "order.confirmed", "order_id": 18}
[notification-worker] {"timestamp": "2026-10-06T11:50:04.077760+00:00", "level": "INFO", "service": "kafka-consumer:notification-service", "message": "Kafka offset committed", "event_id": "7f655a84-2804-4c47-b4e7-e361ed4125a2", "event_type": "order.confirmed", "order_id": 18, "topic": "notifications.events", "partition": 0, "offset": 16}
[notification-worker] {"timestamp": "2026-10-06T11:50:04.078004+00:00", "level": "INFO", "service": "kafka-consumer:notification-service", "message": "Kafka event consumed", "event_id": "9de4732b-71d7-48b1-a772-9d047ea738a5", "event_type": "order.confirmed", "order_id": 19, "topic": "notifications.events", "partition": 0, "offset": 17}
[notification-worker] {"timestamp": "2026-10-06T11:50:04.078099+00:00", "level": "INFO", "service": "notification-service", "message": "Processing order.confirmed", "event_id": "9de4732b-71d7-48b1-a772-9d047ea738a5", "event_type": "order.confirmed", "order_id": 19}
[notification-worker] {"timestamp": "2026-10-06T11:50:04.089895+00:00", "level": "INFO", "service": "notification-service", "message": "Notification sent", "event_id": "9de4732b-71d7-48b1-a772-9d047ea738a5", "event_type": "order.confirmed", "order_id": 19}
[notification-worker] {"timestamp": "2026-10-06T11:50:04.094039+00:00", "level": "INFO", "service": "kafka-consumer:notification-service", "message": "Kafka offset committed", "event_id": "9de4732b-71d7-48b1-a772-9d047ea738a5", "event_type": "order.confirmed", "order_id": 19, "topic": "notifications.events", "partition": 0, "offset": 17}
[notification-worker] {"timestamp": "2026-10-06T12:11:18.340723+00:00", "level": "INFO", "service": "kafka-consumer:notification-service", "message": "Kafka consumer subscribed", "topic": "notifications.events"}
[notification-worker] {"timestamp": "2026-10-06T12:11:18.342995+00:00", "level": "INFO", "service": "notification-service", "message": "Notification Service started", "topic": "notifications.events"}
[notification-worker] {"timestamp": "2026-10-06T12:14:43.371569+00:00", "level": "INFO", "service": "kafka-consumer:notification-service", "message": "Kafka event consumed", "event_id": "1abadaff-67df-44bb-aed7-ea06a5d8bb3f", "event_type": "order.confirmed", "order_id": 20, "topic": "notifications.events", "partition": 0, "offset": 18}
[notification-worker] {"timestamp": "2026-10-06T12:14:43.371834+00:00", "level": "INFO", "service": "notification-service", "message": "Processing order.confirmed", "event_id": "1abadaff-67df-44bb-aed7-ea06a5d8bb3f", "event_type": "order.confirmed", "order_id": 20}
[notification-worker] {"timestamp": "2026-10-06T12:14:43.419631+00:00", "level": "INFO", "service": "notification-service", "message": "Notification sent", "event_id": "1abadaff-67df-44bb-aed7-ea06a5d8bb3f", "event_type": "order.confirmed", "order_id": 20}
[notification-worker] {"timestamp": "2026-10-06T12:14:43.423318+00:00", "level": "INFO", "service": "kafka-consumer:notification-service", "message": "Kafka offset committed", "event_id": "1abadaff-67df-44bb-aed7-ea06a5d8bb3f", "event_type": "order.confirmed", "order_id": 20, "topic": "notifications.events", "partition": 0, "offset": 18}
[notification-worker] {"timestamp": "2026-10-06T12:17:34.697966+00:00", "level": "INFO", "service": "kafka-consumer:notification-service", "message": "Kafka consumer subscribed", "topic": "notifications.events"}
[notification-worker] {"timestamp": "2026-10-06T12:17:34.698368+00:00", "level": "INFO", "service": "notification-service", "message": "Notification Service started", "topic": "notifications.events"}
[notification-worker] {"timestamp": "2026-10-06T12:19:18.153653+00:00", "level": "INFO", "service": "kafka-consumer:notification-service", "message": "Kafka event consumed", "event_id": "5f9dd26a-24ce-4422-bfd7-527a4e6e3225", "event_type": "order.confirmed", "order_id": 21, "topic": "notifications.events", "partition": 0, "offset": 19}
[notification-worker] {"timestamp": "2026-10-06T12:19:18.153933+00:00", "level": "INFO", "service": "notification-service", "message": "Processing order.confirmed", "event_id": "5f9dd26a-24ce-4422-bfd7-527a4e6e3225", "event_type": "order.confirmed", "order_id": 21}
[notification-worker] {"timestamp": "2026-10-06T12:19:18.226322+00:00", "level": "INFO", "service": "notification-service", "message": "Notification sent", "event_id": "5f9dd26a-24ce-4422-bfd7-527a4e6e3225", "event_type": "order.confirmed", "order_id": 21}
[notification-worker] {"timestamp": "2026-10-06T12:19:18.233503+00:00", "level": "INFO", "service": "kafka-consumer:notification-service", "message": "Kafka offset committed", "event_id": "5f9dd26a-24ce-4422-bfd7-527a4e6e3225", "event_type": "order.confirmed", "order_id": 21, "topic": "notifications.events", "partition": 0, "offset": 19}
[notification-worker] {"timestamp": "2026-10-06T12:21:34.418205+00:00", "level": "INFO", "service": "kafka-consumer:notification-service", "message": "Kafka consumer subscribed", "topic": "notifications.events"}
[notification-worker] {"timestamp": "2026-10-06T12:21:34.424817+00:00", "level": "INFO", "service": "notification-service", "message": "Notification Service started", "topic": "notifications.events"}
[notification-worker] {"timestamp": "2026-10-06T12:24:44.275564+00:00", "level": "INFO", "service": "kafka-consumer:notification-service", "message": "Kafka consumer subscribed", "topic": "notifications.events"}
[notification-worker] {"timestamp": "2026-10-06T12:24:44.275853+00:00", "level": "INFO", "service": "notification-service", "message": "Notification Service started", "topic": "notifications.events"}
[notification-worker] {"timestamp": "2026-10-06T13:49:06.635878+00:00", "level": "INFO", "service": "kafka-consumer:notification-service", "message": "Kafka consumer subscribed", "topic": "notifications.events"}
[notification-worker] {"timestamp": "2026-10-06T13:49:06.647155+00:00", "level": "INFO", "service": "notification-service", "message": "Notification Service started", "topic": "notifications.events"}
[notification-worker] {"timestamp": "2026-10-06T13:59:11.839923+00:00", "level": "INFO", "service": "kafka-consumer:notification-service", "message": "Kafka consumer subscribed", "topic": "notifications.events"}
[notification-worker] {"timestamp": "2026-10-06T13:59:11.841651+00:00", "level": "INFO", "service": "notification-service", "message": "Notification Service started", "topic": "notifications.events"}
[notification-worker] {"timestamp": "2026-10-06T13:59:16.448640+00:00", "level": "INFO", "service": "kafka-consumer:notification-service", "message": "Kafka event consumed", "event_id": "42ae38ce-6fbd-4053-a0a9-8803f0792436", "event_type": "order.confirmed", "order_id": 22, "topic": "notifications.events", "partition": 0, "offset": 20}
[notification-worker] {"timestamp": "2026-10-06T13:59:16.489911+00:00", "level": "INFO", "service": "notification-service", "message": "Processing order.confirmed", "event_id": "42ae38ce-6fbd-4053-a0a9-8803f0792436", "event_type": "order.confirmed", "order_id": 22}
[notification-worker] {"timestamp": "2026-10-06T13:59:17.359076+00:00", "level": "INFO", "service": "notification-service", "message": "Notification sent", "event_id": "42ae38ce-6fbd-4053-a0a9-8803f0792436", "event_type": "order.confirmed", "order_id": 22}
[notification-worker] {"timestamp": "2026-10-06T13:59:17.380977+00:00", "level": "INFO", "service": "kafka-consumer:notification-service", "message": "Kafka offset committed", "event_id": "42ae38ce-6fbd-4053-a0a9-8803f0792436", "event_type": "order.confirmed", "order_id": 22, "topic": "notifications.events", "partition": 0, "offset": 20}
[notification-worker] {"timestamp": "2026-10-06T14:04:07.196505+00:00", "level": "INFO", "service": "kafka-consumer:notification-service", "message": "Kafka event consumed", "event_id": "b9ccb4a4-b332-4b4d-b7f0-784ea1528fb2", "event_type": "order.confirmed", "order_id": 23, "topic": "notifications.events", "partition": 0, "offset": 21}
[notification-worker] {"timestamp": "2026-10-06T14:04:07.198542+00:00", "level": "INFO", "service": "notification-service", "message": "Processing order.confirmed", "event_id": "b9ccb4a4-b332-4b4d-b7f0-784ea1528fb2", "event_type": "order.confirmed", "order_id": 23}
[notification-worker] {"timestamp": "2026-10-06T14:04:07.278516+00:00", "level": "INFO", "service": "notification-service", "message": "Notification sent", "event_id": "b9ccb4a4-b332-4b4d-b7f0-784ea1528fb2", "event_type": "order.confirmed", "order_id": 23}
[notification-worker] {"timestamp": "2026-10-06T14:04:07.291703+00:00", "level": "INFO", "service": "kafka-consumer:notification-service", "message": "Kafka offset committed", "event_id": "b9ccb4a4-b332-4b4d-b7f0-784ea1528fb2", "event_type": "order.confirmed", "order_id": 23, "topic": "notifications.events", "partition": 0, "offset": 21}
[notification-worker] {"timestamp": "2026-10-06T14:10:33.172891+00:00", "level": "INFO", "service": "kafka-consumer:notification-service", "message": "Kafka consumer subscribed", "topic": "notifications.events"}
[notification-worker] {"timestamp": "2026-10-06T14:10:33.174112+00:00", "level": "INFO", "service": "notification-service", "message": "Notification Service started", "topic": "notifications.events"}
[notification-worker] {"timestamp": "2026-10-06T14:10:36.244814+00:00", "level": "INFO", "service": "kafka-consumer:notification-service", "message": "Kafka event consumed", "event_id": "6ef09fbf-bbd0-42d7-93b4-d525e0e9f4ef", "event_type": "order.confirmed", "order_id": 24, "topic": "notifications.events", "partition": 0, "offset": 22}
[notification-worker] {"timestamp": "2026-10-06T14:10:36.252135+00:00", "level": "INFO", "service": "notification-service", "message": "Processing order.confirmed", "event_id": "6ef09fbf-bbd0-42d7-93b4-d525e0e9f4ef", "event_type": "order.confirmed", "order_id": 24}
[notification-worker] {"timestamp": "2026-10-06T14:10:37.204679+00:00", "level": "INFO", "service": "notification-service", "message": "Notification sent", "event_id": "6ef09fbf-bbd0-42d7-93b4-d525e0e9f4ef", "event_type": "order.confirmed", "order_id": 24}
[notification-worker] {"timestamp": "2026-10-06T14:10:37.307797+00:00", "level": "INFO", "service": "kafka-consumer:notification-service", "message": "Kafka offset committed", "event_id": "6ef09fbf-bbd0-42d7-93b4-d525e0e9f4ef", "event_type": "order.confirmed", "order_id": 24, "topic": "notifications.events", "partition": 0, "offset": 22}
[notification-worker] {"timestamp": "2026-10-06T14:10:37.309319+00:00", "level": "INFO", "service": "kafka-consumer:notification-service", "message": "Kafka event consumed", "event_id": "6d130d4c-432a-4295-8f37-a8540a69764c", "event_type": "order.confirmed", "order_id": 25, "topic": "notifications.events", "partition": 0, "offset": 23}
[notification-worker] {"timestamp": "2026-10-06T14:10:37.310045+00:00", "level": "INFO", "service": "notification-service", "message": "Processing order.confirmed", "event_id": "6d130d4c-432a-4295-8f37-a8540a69764c", "event_type": "order.confirmed", "order_id": 25}
[notification-worker] {"timestamp": "2026-10-06T14:10:37.373563+00:00", "level": "INFO", "service": "notification-service", "message": "Notification sent", "event_id": "6d130d4c-432a-4295-8f37-a8540a69764c", "event_type": "order.confirmed", "order_id": 25}
[notification-worker] {"timestamp": "2026-10-06T14:10:37.383272+00:00", "level": "INFO", "service": "kafka-consumer:notification-service", "message": "Kafka offset committed", "event_id": "6d130d4c-432a-4295-8f37-a8540a69764c", "event_type": "order.confirmed", "order_id": 25, "topic": "notifications.events", "partition": 0, "offset": 23}
[notification-worker] {"timestamp": "2026-10-06T14:13:22.726175+00:00", "level": "INFO", "service": "kafka-consumer:notification-service", "message": "Kafka event consumed", "event_id": "063f4784-0fa0-4198-a344-eab711365f48", "event_type": "order.confirmed", "order_id": 26, "topic": "notifications.events", "partition": 0, "offset": 24}
[notification-worker] {"timestamp": "2026-10-06T14:13:22.732195+00:00", "level": "INFO", "service": "notification-service", "message": "Processing order.confirmed", "event_id": "063f4784-0fa0-4198-a344-eab711365f48", "event_type": "order.confirmed", "order_id": 26}
[notification-worker] {"timestamp": "2026-10-06T14:13:22.804560+00:00", "level": "INFO", "service": "notification-service", "message": "Notification sent", "event_id": "063f4784-0fa0-4198-a344-eab711365f48", "event_type": "order.confirmed", "order_id": 26}
[notification-worker] {"timestamp": "2026-10-06T14:13:22.831562+00:00", "level": "INFO", "service": "kafka-consumer:notification-service", "message": "Kafka offset committed", "event_id": "063f4784-0fa0-4198-a344-eab711365f48", "event_type": "order.confirmed", "order_id": 26, "topic": "notifications.events", "partition": 0, "offset": 24}
[notification-worker] {"timestamp": "2026-10-06T14:13:29.190950+00:00", "level": "INFO", "service": "kafka-consumer:notification-service", "message": "Kafka event consumed", "event_id": "0fb32c26-4d40-4e8f-bacb-390d7e814be5", "event_type": "order.confirmed", "order_id": 27, "topic": "notifications.events", "partition": 0, "offset": 25}
[notification-worker] {"timestamp": "2026-10-06T14:13:29.193472+00:00", "level": "INFO", "service": "notification-service", "message": "Processing order.confirmed", "event_id": "0fb32c26-4d40-4e8f-bacb-390d7e814be5", "event_type": "order.confirmed", "order_id": 27}
[notification-worker] {"timestamp": "2026-10-06T14:13:29.255825+00:00", "level": "INFO", "service": "notification-service", "message": "Notification sent", "event_id": "0fb32c26-4d40-4e8f-bacb-390d7e814be5", "event_type": "order.confirmed", "order_id": 27}
[notification-worker] {"timestamp": "2026-10-06T14:13:29.270276+00:00", "level": "INFO", "service": "kafka-consumer:notification-service", "message": "Kafka offset committed", "event_id": "0fb32c26-4d40-4e8f-bacb-390d7e814be5", "event_type": "order.confirmed", "order_id": 27, "topic": "notifications.events", "partition": 0, "offset": 25}
