[payment-worker] %6|1791207188.024|FAIL|rdkafka#producer-2| [thrd:localhost:9092/bootstrap]: localhost:9092/bootstrap: Disconnected: connection reset by peer (after 165ms in state APIVERSION_QUERY)
[payment-worker] %6|1791207188.033|FAIL|rdkafka#consumer-1| [thrd:localhost:9092/bootstrap]: localhost:9092/bootstrap: Disconnected: connection reset by peer (after 179ms in state APIVERSION_QUERY)
[payment-worker] %6|1791207188.249|FAIL|rdkafka#producer-2| [thrd:localhost:9092/bootstrap]: localhost:9092/bootstrap: Disconnected: connection closed by peer: receive 0 after POLLIN (after 0ms in state APIVERSION_QUERY)
[payment-worker] %6|1791207188.261|FAIL|rdkafka#consumer-1| [thrd:localhost:9092/bootstrap]: localhost:9092/bootstrap: Disconnected: connection reset by peer (after 3ms in state APIVERSION_QUERY, 1 identical error(s) suppressed)
[payment-worker] %6|1791207189.124|FAIL|rdkafka#producer-2| [thrd:localhost:9092/bootstrap]: localhost:9092/bootstrap: Disconnected: connection reset by peer (after 7ms in state APIVERSION_QUERY)
[payment-worker] %6|1791207191.674|FAIL|rdkafka#producer-2| [thrd:localhost:9092/bootstrap]: localhost:9092/bootstrap: Disconnected: connection reset by peer (after 7ms in state APIVERSION_QUERY, 1 identical error(s) suppressed)
[payment-worker] %6|1791207203.311|FAIL|rdkafka#consumer-1| [thrd:localhost:9092/bootstrap]: localhost:9092/bootstrap: Disconnected: connection closed by peer: receive 0 after POLLIN (after 0ms in state APIVERSION_QUERY)
[payment-worker] %6|1791207211.611|FAIL|rdkafka#consumer-1| [thrd:localhost:9092/bootstrap]: localhost:9092/bootstrap: Disconnected: connection reset by peer (after 7ms in state APIVERSION_QUERY)
[payment-worker] %6|1791207221.625|FAIL|rdkafka#consumer-1| [thrd:localhost:9092/bootstrap]: localhost:9092/bootstrap: Disconnected: connection reset by peer (after 13ms in state APIVERSION_QUERY, 1 identical error(s) suppressed)
[payment-worker] %6|1791207229.616|FAIL|rdkafka#producer-2| [thrd:localhost:9092/bootstrap]: localhost:9092/bootstrap: Disconnected: connection reset by peer (after 34ms in state APIVERSION_QUERY, 4 identical error(s) suppressed)
[payment-worker] Payment Service listening for order events...
[payment-worker] 
[payment-worker] Consumed from orders.events partition=0 offset=19
[payment-worker] Payment 19 completed for order 15
[payment-worker] Committed offset 19
[payment-worker] {"timestamp": "2026-10-05T14:04:31.127993+00:00", "level": "INFO", "service": "payment-service", "message": "Payment Service started"}
[payment-worker] 
[payment-worker] Consumed from orders.events partition=0 offset=20
[payment-worker] {"timestamp": "2026-10-05T14:04:37.956796+00:00", "level": "INFO", "service": "payment-service", "message": "Processing order.created"}
[payment-worker] {"timestamp": "2026-10-05T14:04:38.073939+00:00", "level": "INFO", "service": "payment-service", "message": "Payment completed"}
[payment-worker] Committed offset 20
[payment-worker] {"timestamp": "2026-10-05T14:14:43.211667+00:00", "level": "INFO", "service": "payment-service", "message": "Payment Service started", "topic": "orders.events"}
[payment-worker] 
[payment-worker] Consumed from orders.events partition=0 offset=21
[payment-worker] {"timestamp": "2026-10-05T14:14:59.096925+00:00", "level": "INFO", "service": "payment-service", "message": "Processing order.created", "event_id": "adbc76b9-ba5f-4ee6-9ea0-874949a00057", "event_type": "order.created", "order_id": 17}
[payment-worker] {"timestamp": "2026-10-05T14:14:59.200155+00:00", "level": "INFO", "service": "payment-service", "message": "Payment completed", "event_id": "2a39bb3a-0076-4de2-83c1-ef17f9120df5", "event_type": "payment.completed", "order_id": 17}
[payment-worker] Committed offset 21
[payment-worker] {"timestamp": "2026-10-05T14:18:22.444198+00:00", "level": "INFO", "service": "payment-service", "message": "Payment Service started", "topic": "orders.events"}
[payment-worker] 
[payment-worker] Consumed from orders.events partition=0 offset=22
[payment-worker] {"timestamp": "2026-10-05T14:18:47.380385+00:00", "level": "INFO", "service": "payment-service", "message": "Processing order.created", "event_id": "9f1c414f-b1e2-493a-92f0-7857b27386a6", "event_type": "order.created", "order_id": 18}
[payment-worker] {"timestamp": "2026-10-05T14:18:47.456207+00:00", "level": "INFO", "service": "payment-service", "message": "Payment completed", "event_id": "a3f12e65-d276-438d-b48b-15985182a69f", "event_type": "payment.completed", "order_id": 18}
[payment-worker] Committed offset 22
[payment-worker] {"timestamp": "2026-10-05T14:26:00.367887+00:00", "level": "INFO", "service": "kafka-consumer:payment-service", "message": "Kafka consumer subscribed", "topic": "orders.events"}
[payment-worker] {"timestamp": "2026-10-05T14:26:00.368358+00:00", "level": "INFO", "service": "payment-service", "message": "Payment Service started", "topic": "orders.events"}
[payment-worker] {"timestamp": "2026-10-05T14:26:26.720660+00:00", "level": "INFO", "service": "kafka-consumer:payment-service", "message": "Kafka event consumed", "event_id": "eb3adeef-b2ac-4200-892a-a0e75e4de39e", "event_type": "order.created", "order_id": 19, "topic": "orders.events", "partition": 0, "offset": 23}
[payment-worker] {"timestamp": "2026-10-05T14:26:26.721194+00:00", "level": "INFO", "service": "payment-service", "message": "Processing order.created", "event_id": "eb3adeef-b2ac-4200-892a-a0e75e4de39e", "event_type": "order.created", "order_id": 19}
[payment-worker] {"timestamp": "2026-10-05T14:26:26.794867+00:00", "level": "INFO", "service": "payment-service", "message": "Payment completed", "event_id": "77f0bc79-3789-4e03-ac4c-c1dcd9482b4f", "event_type": "payment.completed", "order_id": 19}
[payment-worker] {"timestamp": "2026-10-05T14:26:26.801224+00:00", "level": "INFO", "service": "kafka-consumer:payment-service", "message": "Kafka offset committed", "event_id": "eb3adeef-b2ac-4200-892a-a0e75e4de39e", "event_type": "order.created", "order_id": 19, "topic": "orders.events", "partition": 0, "offset": 23}
[payment-worker] {"timestamp": "2026-10-05T14:32:07.662126+00:00", "level": "INFO", "service": "kafka-consumer:payment-service", "message": "Kafka consumer subscribed", "topic": "orders.events"}
[payment-worker] {"timestamp": "2026-10-05T14:32:07.662891+00:00", "level": "INFO", "service": "payment-service", "message": "Payment Service started", "topic": "orders.events"}
[payment-worker] {"timestamp": "2026-10-05T14:44:05.952990+00:00", "level": "INFO", "service": "kafka-consumer:payment-service", "message": "Kafka consumer subscribed", "topic": "orders.events"}
[payment-worker] {"timestamp": "2026-10-05T14:44:05.953785+00:00", "level": "INFO", "service": "payment-service", "message": "Payment Service started", "topic": "orders.events"}
[payment-worker] %6|1791287024.442|FAIL|rdkafka#consumer-1| [thrd:localhost:9092/bootstrap]: localhost:9092/bootstrap: Disconnected: connection reset by peer (after 22ms in state APIVERSION_QUERY)
[payment-worker] %6|1791287024.484|FAIL|rdkafka#producer-2| [thrd:localhost:9092/bootstrap]: localhost:9092/bootstrap: Disconnected: connection reset by peer (after 7ms in state APIVERSION_QUERY)
[payment-worker] {"timestamp": "2026-10-06T11:43:44.485931+00:00", "level": "INFO", "service": "kafka-consumer:payment-service", "message": "Kafka consumer subscribed", "topic": "orders.events"}
[payment-worker] {"timestamp": "2026-10-06T11:43:44.487339+00:00", "level": "INFO", "service": "payment-service", "message": "Payment Service started", "topic": "orders.events"}
[payment-worker] %6|1791287024.687|FAIL|rdkafka#consumer-1| [thrd:localhost:9092/bootstrap]: localhost:9092/bootstrap: Disconnected: connection reset by peer (after 0ms in state APIVERSION_QUERY, 1 identical error(s) suppressed)
[payment-worker] %6|1791287024.700|FAIL|rdkafka#producer-2| [thrd:localhost:9092/bootstrap]: localhost:9092/bootstrap: Disconnected: connection reset by peer (after 2ms in state APIVERSION_QUERY, 1 identical error(s) suppressed)
[payment-worker] {"timestamp": "2026-10-06T11:49:46.001079+00:00", "level": "INFO", "service": "kafka-consumer:payment-service", "message": "Kafka consumer subscribed", "topic": "orders.events"}
[payment-worker] {"timestamp": "2026-10-06T11:49:46.001495+00:00", "level": "INFO", "service": "payment-service", "message": "Payment Service started", "topic": "orders.events"}
[payment-worker] {"timestamp": "2026-10-06T12:11:18.327751+00:00", "level": "INFO", "service": "kafka-consumer:payment-service", "message": "Kafka consumer subscribed", "topic": "orders.events"}
[payment-worker] {"timestamp": "2026-10-06T12:11:18.330109+00:00", "level": "INFO", "service": "payment-service", "message": "Payment Service started", "topic": "orders.events"}
[payment-worker] {"timestamp": "2026-10-06T12:14:42.329390+00:00", "level": "INFO", "service": "kafka-consumer:payment-service", "message": "Kafka event consumed", "event_id": "19fffe96-e80b-444c-8ab9-ee938209c207", "event_type": "order.created", "order_id": 20, "topic": "orders.events", "partition": 0, "offset": 24}
[payment-worker] {"timestamp": "2026-10-06T12:14:42.330018+00:00", "level": "INFO", "service": "payment-service", "message": "Processing order.created", "event_id": "19fffe96-e80b-444c-8ab9-ee938209c207", "event_type": "order.created", "order_id": 20}
[payment-worker] {"timestamp": "2026-10-06T12:14:42.401667+00:00", "level": "INFO", "service": "payment-service", "message": "Payment completed", "event_id": "b4c8ed2c-3a0b-4237-8c9d-6649795c7516", "event_type": "payment.completed", "order_id": 20}
[payment-worker] {"timestamp": "2026-10-06T12:14:42.426410+00:00", "level": "INFO", "service": "kafka-consumer:payment-service", "message": "Kafka offset committed", "event_id": "19fffe96-e80b-444c-8ab9-ee938209c207", "event_type": "order.created", "order_id": 20, "topic": "orders.events", "partition": 0, "offset": 24}
[payment-worker] {"timestamp": "2026-10-06T12:17:34.671495+00:00", "level": "INFO", "service": "kafka-consumer:payment-service", "message": "Kafka consumer subscribed", "topic": "orders.events"}
[payment-worker] {"timestamp": "2026-10-06T12:17:34.671860+00:00", "level": "INFO", "service": "payment-service", "message": "Payment Service started", "topic": "orders.events"}
[payment-worker] {"timestamp": "2026-10-06T12:19:17.093944+00:00", "level": "INFO", "service": "kafka-consumer:payment-service", "message": "Kafka event consumed", "event_id": "47550912-6b44-4e67-b54f-3f7fdc850219", "event_type": "order.created", "order_id": 21, "topic": "orders.events", "partition": 0, "offset": 25}
[payment-worker] {"timestamp": "2026-10-06T12:19:17.094541+00:00", "level": "INFO", "service": "payment-service", "message": "Processing order.created", "event_id": "47550912-6b44-4e67-b54f-3f7fdc850219", "event_type": "order.created", "order_id": 21}
[payment-worker] {"timestamp": "2026-10-06T12:19:17.181501+00:00", "level": "INFO", "service": "payment-service", "message": "Payment completed", "event_id": "0218ee64-e729-40b7-bfe6-8ebb0203bab6", "event_type": "payment.completed", "order_id": 21}
[payment-worker] {"timestamp": "2026-10-06T12:19:17.185882+00:00", "level": "INFO", "service": "kafka-consumer:payment-service", "message": "Kafka offset committed", "event_id": "47550912-6b44-4e67-b54f-3f7fdc850219", "event_type": "order.created", "order_id": 21, "topic": "orders.events", "partition": 0, "offset": 25}
[payment-worker] {"timestamp": "2026-10-06T12:19:18.573317+00:00", "level": "INFO", "service": "kafka-consumer:payment-service", "message": "Kafka event consumed", "event_id": "6cc3a2da-6bbf-4ec3-9a13-788902e11ee3", "event_type": "order.created", "order_id": 21, "topic": "orders.events", "partition": 0, "offset": 26}
[payment-worker] {"timestamp": "2026-10-06T12:19:18.573701+00:00", "level": "INFO", "service": "payment-service", "message": "Processing order.created", "event_id": "6cc3a2da-6bbf-4ec3-9a13-788902e11ee3", "event_type": "order.created", "order_id": 21}
[payment-worker] {"timestamp": "2026-10-06T12:19:18.587708+00:00", "level": "WARNING", "service": "payment-service", "message": "Duplicate order event ignored", "event_id": "6cc3a2da-6bbf-4ec3-9a13-788902e11ee3", "order_id": 21}
[payment-worker] {"timestamp": "2026-10-06T12:19:18.608041+00:00", "level": "INFO", "service": "kafka-consumer:payment-service", "message": "Kafka offset committed", "event_id": "6cc3a2da-6bbf-4ec3-9a13-788902e11ee3", "event_type": "order.created", "order_id": 21, "topic": "orders.events", "partition": 0, "offset": 26}
[payment-worker] {"timestamp": "2026-10-06T12:19:18.608563+00:00", "level": "INFO", "service": "kafka-consumer:payment-service", "message": "Kafka event consumed", "event_id": "6cc3a2da-6bbf-4ec3-9a13-788902e11ee3", "event_type": "order.created", "order_id": 21, "topic": "orders.events", "partition": 0, "offset": 27}
[payment-worker] {"timestamp": "2026-10-06T12:19:18.608987+00:00", "level": "INFO", "service": "payment-service", "message": "Processing order.created", "event_id": "6cc3a2da-6bbf-4ec3-9a13-788902e11ee3", "event_type": "order.created", "order_id": 21}
[payment-worker] {"timestamp": "2026-10-06T12:19:18.622575+00:00", "level": "WARNING", "service": "payment-service", "message": "Duplicate order event ignored", "event_id": "6cc3a2da-6bbf-4ec3-9a13-788902e11ee3", "order_id": 21}
[payment-worker] {"timestamp": "2026-10-06T12:19:18.635859+00:00", "level": "INFO", "service": "kafka-consumer:payment-service", "message": "Kafka offset committed", "event_id": "6cc3a2da-6bbf-4ec3-9a13-788902e11ee3", "event_type": "order.created", "order_id": 21, "topic": "orders.events", "partition": 0, "offset": 27}
[payment-worker] {"timestamp": "2026-10-06T12:21:34.461877+00:00", "level": "INFO", "service": "kafka-consumer:payment-service", "message": "Kafka consumer subscribed", "topic": "orders.events"}
[payment-worker] {"timestamp": "2026-10-06T12:21:34.462674+00:00", "level": "INFO", "service": "payment-service", "message": "Payment Service started", "topic": "orders.events"}
[payment-worker] {"timestamp": "2026-10-06T12:22:15.165593+00:00", "level": "INFO", "service": "kafka-consumer:payment-service", "message": "Kafka event consumed", "event_id": "b4a69537-d43f-4a05-88f2-bb5af966d296", "event_type": "order.created", "order_id": 999999, "topic": "orders.events", "partition": 0, "offset": 28}
[payment-worker] {"timestamp": "2026-10-06T12:22:15.166533+00:00", "level": "WARNING", "service": "kafka-consumer:payment-service", "message": "Retrying Kafka event", "event_id": "b4a69537-d43f-4a05-88f2-bb5af966d296", "event_type": "order.created", "order_id": 999999, "topic": "orders.events", "partition": 0, "offset": 28}
[payment-worker] {"timestamp": "2026-10-06T12:22:16.167457+00:00", "level": "WARNING", "service": "kafka-consumer:payment-service", "message": "Retrying Kafka event", "event_id": "b4a69537-d43f-4a05-88f2-bb5af966d296", "event_type": "order.created", "order_id": 999999, "topic": "orders.events", "partition": 0, "offset": 28}
[payment-worker] {"timestamp": "2026-10-06T12:22:18.168302+00:00", "level": "ERROR", "service": "kafka-consumer:payment-service", "message": "Kafka event processing failed", "event_id": "b4a69537-d43f-4a05-88f2-bb5af966d296", "event_type": "order.created", "order_id": 999999, "topic": "orders.events", "partition": 0, "offset": 28, "exception": "Traceback (most recent call last):\n  File \"/home/ibrahim/projects/event-driven-orders/shared/kafka/consumer.py\", line 111, in run\n    handler(event)\n    ~~~~~~~^^^^^^^\n  File \"/home/ibrahim/projects/event-driven-orders/services/payment_service/worker.py\", line 39, in handle_event\n    order_event = parse_order_created(event)\n  File \"/home/ibrahim/projects/event-driven-orders/shared/events/order_events.py\", line 29, in parse_order_created\n    return OrderCreatedV2.model_validate(data)\n           ~~~~~~~~~~~~~~~~~~~~~~~~~~~~~^^^^^^\n  File \"/home/ibrahim/projects/event-driven-orders/.venv/lib/python3.14/site-packages/pydantic/main.py\", line 732, in model_validate\n    return cls.__pydantic_validator__.validate_python(\n           ~~~~~~~~~~~~~~~~~~~~~~~~~~~~~~~~~~~~~~~~~~^\n        obj,\n        ^^^^\n    ...<5 lines>...\n        by_name=by_name,\n        ^^^^^^^^^^^^^^^^\n    )\n    ^\npydantic_core._pydantic_core.ValidationError: 1 validation error for OrderCreatedV2\ntotal\n  Input should be a valid decimal [type=decimal_parsing, input_value='definitely-not-a-number', input_type=str]\n    For further information visit https://errors.pydantic.dev/2.13/v/decimal_parsing"}
[payment-worker] Produced event to payment-service.dlq partition=0 offset=1
[payment-worker] Event sent to dead-letter topic payment-service.dlq
[payment-worker] {"timestamp": "2026-10-06T12:22:18.238384+00:00", "level": "INFO", "service": "kafka-consumer:payment-service", "message": "Kafka offset committed", "event_id": "b4a69537-d43f-4a05-88f2-bb5af966d296", "event_type": "order.created", "order_id": 999999, "topic": "orders.events", "partition": 0, "offset": 28}
[payment-worker] {"timestamp": "2026-10-06T12:24:44.464415+00:00", "level": "INFO", "service": "kafka-consumer:payment-service", "message": "Kafka consumer subscribed", "topic": "orders.events"}
[payment-worker] {"timestamp": "2026-10-06T12:24:44.464876+00:00", "level": "INFO", "service": "payment-service", "message": "Payment Service started", "topic": "orders.events"}
[payment-worker] {"timestamp": "2026-10-06T12:29:43.091104+00:00", "level": "INFO", "service": "kafka-consumer:payment-service", "message": "Kafka event consumed", "event_id": "154d5164-23b4-4e68-acb2-09ddadc31a2b", "event_type": "order.created", "order_id": 888888, "topic": "orders.events", "partition": 0, "offset": 29}
[payment-worker] {"timestamp": "2026-10-06T12:29:43.091992+00:00", "level": "INFO", "service": "payment-service", "message": "Processing order.created", "event_id": "154d5164-23b4-4e68-acb2-09ddadc31a2b", "event_type": "order.created", "order_id": 888888}
[payment-worker] {"timestamp": "2026-10-06T12:29:43.346138+00:00", "level": "INFO", "service": "payment-service", "message": "Payment completed", "event_id": "6ba9d082-a94f-4f35-ae9b-8276e38488fb", "event_type": "payment.completed", "order_id": 888888}
[payment-worker] {"timestamp": "2026-10-06T12:29:43.356276+00:00", "level": "INFO", "service": "kafka-consumer:payment-service", "message": "Kafka offset committed", "event_id": "154d5164-23b4-4e68-acb2-09ddadc31a2b", "event_type": "order.created", "order_id": 888888, "topic": "orders.events", "partition": 0, "offset": 29}
[payment-worker] {"timestamp": "2026-10-06T13:49:06.860286+00:00", "level": "INFO", "service": "kafka-consumer:payment-service", "message": "Kafka consumer subscribed", "topic": "orders.events"}
[payment-worker] {"timestamp": "2026-10-06T13:49:06.860784+00:00", "level": "INFO", "service": "payment-service", "message": "Payment Service started", "topic": "orders.events"}
[payment-worker] {"timestamp": "2026-10-06T13:51:05.529742+00:00", "level": "INFO", "service": "kafka-consumer:payment-service", "message": "Kafka event consumed", "event_id": "1f20c708-8cb3-4fbb-8d8d-029e0e8e5118", "event_type": "order.created", "order_id": 888888, "topic": "orders.events", "partition": 0, "offset": 30}
[payment-worker] {"timestamp": "2026-10-06T13:51:05.532761+00:00", "level": "INFO", "service": "payment-service", "message": "Processing order.created", "event_id": "1f20c708-8cb3-4fbb-8d8d-029e0e8e5118", "event_type": "order.created", "order_id": 888888}
[payment-worker] {"timestamp": "2026-10-06T13:51:05.783981+00:00", "level": "WARNING", "service": "payment-service", "message": "Duplicate order event ignored", "event_id": "1f20c708-8cb3-4fbb-8d8d-029e0e8e5118", "order_id": 888888}
[payment-worker] {"timestamp": "2026-10-06T13:51:05.827516+00:00", "level": "INFO", "service": "kafka-consumer:payment-service", "message": "Kafka offset committed", "event_id": "1f20c708-8cb3-4fbb-8d8d-029e0e8e5118", "event_type": "order.created", "order_id": 888888, "topic": "orders.events", "partition": 0, "offset": 30}
[payment-worker] {"timestamp": "2026-10-06T13:59:11.311334+00:00", "level": "INFO", "service": "kafka-consumer:payment-service", "message": "Kafka consumer subscribed", "topic": "orders.events"}
[payment-worker] {"timestamp": "2026-10-06T13:59:11.326080+00:00", "level": "INFO", "service": "payment-service", "message": "Payment Service started", "topic": "orders.events"}
[payment-worker] {"timestamp": "2026-10-06T13:59:12.516201+00:00", "level": "INFO", "service": "kafka-consumer:payment-service", "message": "Kafka event consumed", "event_id": "90e165ea-8b27-437f-bfcf-93ea6d615474", "event_type": "order.created", "order_id": 22, "topic": "orders.events", "partition": 0, "offset": 31}
[payment-worker] {"timestamp": "2026-10-06T13:59:12.537378+00:00", "level": "INFO", "service": "payment-service", "message": "Processing order.created", "event_id": "90e165ea-8b27-437f-bfcf-93ea6d615474", "event_type": "order.created", "order_id": 22}
[payment-worker] {"timestamp": "2026-10-06T13:59:13.839279+00:00", "level": "INFO", "service": "payment-service", "message": "Payment completed", "event_id": "1fd4f093-7597-4b1f-8e6e-c3b5ff33a8c4", "event_type": "payment.completed", "order_id": 22}
[payment-worker] {"timestamp": "2026-10-06T13:59:13.907859+00:00", "level": "INFO", "service": "kafka-consumer:payment-service", "message": "Kafka offset committed", "event_id": "90e165ea-8b27-437f-bfcf-93ea6d615474", "event_type": "order.created", "order_id": 22, "topic": "orders.events", "partition": 0, "offset": 31}
[payment-worker] {"timestamp": "2026-10-06T14:03:16.079389+00:00", "level": "INFO", "service": "kafka-consumer:payment-service", "message": "Kafka event consumed", "event_id": "d5b45d0d-73a7-46c3-a24f-f1061b129931", "event_type": "order.created", "order_id": 23, "topic": "orders.events", "partition": 0, "offset": 32}
[payment-worker] {"timestamp": "2026-10-06T14:03:16.089834+00:00", "level": "INFO", "service": "payment-service", "message": "Processing order.created", "event_id": "d5b45d0d-73a7-46c3-a24f-f1061b129931", "event_type": "order.created", "order_id": 23}
[payment-worker] {"timestamp": "2026-10-06T14:03:16.472247+00:00", "level": "INFO", "service": "payment-service", "message": "Payment completed", "event_id": "a580ab80-6cd7-4c66-a2ab-a63299b2a33f", "event_type": "payment.completed", "order_id": 23}
[payment-worker] {"timestamp": "2026-10-06T14:03:16.538245+00:00", "level": "INFO", "service": "kafka-consumer:payment-service", "message": "Kafka offset committed", "event_id": "d5b45d0d-73a7-46c3-a24f-f1061b129931", "event_type": "order.created", "order_id": 23, "topic": "orders.events", "partition": 0, "offset": 32}
[payment-worker] {"timestamp": "2026-10-06T14:06:18.908219+00:00", "level": "INFO", "service": "kafka-consumer:payment-service", "message": "Kafka event consumed", "event_id": "5e8f5c07-cd73-4a85-aaa1-2709c5a4dea6", "event_type": "order.created", "order_id": 24, "topic": "orders.events", "partition": 0, "offset": 33}
[payment-worker] {"timestamp": "2026-10-06T14:06:18.959488+00:00", "level": "INFO", "service": "payment-service", "message": "Processing order.created", "event_id": "5e8f5c07-cd73-4a85-aaa1-2709c5a4dea6", "event_type": "order.created", "order_id": 24}
[payment-worker] {"timestamp": "2026-10-06T14:06:19.279673+00:00", "level": "INFO", "service": "payment-service", "message": "Payment completed", "event_id": "53ad8516-480a-435c-8eb2-17f1422e3e83", "event_type": "payment.completed", "order_id": 24}
[payment-worker] {"timestamp": "2026-10-06T14:06:19.312146+00:00", "level": "INFO", "service": "kafka-consumer:payment-service", "message": "Kafka offset committed", "event_id": "5e8f5c07-cd73-4a85-aaa1-2709c5a4dea6", "event_type": "order.created", "order_id": 24, "topic": "orders.events", "partition": 0, "offset": 33}
[payment-worker] {"timestamp": "2026-10-06T14:06:39.794198+00:00", "level": "INFO", "service": "kafka-consumer:payment-service", "message": "Kafka event consumed", "event_id": "3b9b9d45-fe46-4776-9c05-7f67e3b61c65", "event_type": "order.created", "order_id": 25, "topic": "orders.events", "partition": 0, "offset": 34}
[payment-worker] {"timestamp": "2026-10-06T14:06:39.799550+00:00", "level": "INFO", "service": "payment-service", "message": "Processing order.created", "event_id": "3b9b9d45-fe46-4776-9c05-7f67e3b61c65", "event_type": "order.created", "order_id": 25}
[payment-worker] {"timestamp": "2026-10-06T14:06:39.955337+00:00", "level": "INFO", "service": "payment-service", "message": "Payment completed", "event_id": "af8b8a49-b9fd-4caa-9aa1-5c1a2857ffb5", "event_type": "payment.completed", "order_id": 25}
[payment-worker] {"timestamp": "2026-10-06T14:06:40.223420+00:00", "level": "INFO", "service": "kafka-consumer:payment-service", "message": "Kafka offset committed", "event_id": "3b9b9d45-fe46-4776-9c05-7f67e3b61c65", "event_type": "order.created", "order_id": 25, "topic": "orders.events", "partition": 0, "offset": 34}
[payment-worker] {"timestamp": "2026-10-06T14:07:00.662733+00:00", "level": "INFO", "service": "kafka-consumer:payment-service", "message": "Kafka event consumed", "event_id": "61354ae5-f5a7-49d4-ae4b-b6b5001b6d94", "event_type": "order.created", "order_id": 888888, "topic": "orders.events", "partition": 0, "offset": 35}
[payment-worker] {"timestamp": "2026-10-06T14:07:00.675284+00:00", "level": "INFO", "service": "payment-service", "message": "Processing order.created", "event_id": "61354ae5-f5a7-49d4-ae4b-b6b5001b6d94", "event_type": "order.created", "order_id": 888888}
[payment-worker] {"timestamp": "2026-10-06T14:07:00.724999+00:00", "level": "WARNING", "service": "payment-service", "message": "Duplicate order event ignored", "event_id": "61354ae5-f5a7-49d4-ae4b-b6b5001b6d94", "order_id": 888888}
[payment-worker] {"timestamp": "2026-10-06T14:07:00.775851+00:00", "level": "INFO", "service": "kafka-consumer:payment-service", "message": "Kafka offset committed", "event_id": "61354ae5-f5a7-49d4-ae4b-b6b5001b6d94", "event_type": "order.created", "order_id": 888888, "topic": "orders.events", "partition": 0, "offset": 35}
[payment-worker] {"timestamp": "2026-10-06T14:07:01.926143+00:00", "level": "INFO", "service": "kafka-consumer:payment-service", "message": "Kafka event consumed", "event_id": "e288ca9d-6c39-4801-8fa2-11765082ede1", "event_type": "order.created", "order_id": 999999, "topic": "orders.events", "partition": 0, "offset": 36}
[payment-worker] {"timestamp": "2026-10-06T14:07:01.927622+00:00", "level": "WARNING", "service": "kafka-consumer:payment-service", "message": "Retrying Kafka event", "event_id": "e288ca9d-6c39-4801-8fa2-11765082ede1", "event_type": "order.created", "order_id": 999999, "topic": "orders.events", "partition": 0, "offset": 36}
[payment-worker] {"timestamp": "2026-10-06T14:07:02.928972+00:00", "level": "WARNING", "service": "kafka-consumer:payment-service", "message": "Retrying Kafka event", "event_id": "e288ca9d-6c39-4801-8fa2-11765082ede1", "event_type": "order.created", "order_id": 999999, "topic": "orders.events", "partition": 0, "offset": 36}
[payment-worker] {"timestamp": "2026-10-06T14:07:04.938074+00:00", "level": "ERROR", "service": "kafka-consumer:payment-service", "message": "Kafka event processing failed", "event_id": "e288ca9d-6c39-4801-8fa2-11765082ede1", "event_type": "order.created", "order_id": 999999, "topic": "orders.events", "partition": 0, "offset": 36, "exception": "Traceback (most recent call last):\n  File \"/home/ibrahim/projects/event-driven-orders/shared/kafka/consumer.py\", line 111, in run\n    handler(event)\n    ~~~~~~~^^^^^^^\n  File \"/home/ibrahim/projects/event-driven-orders/services/payment_service/worker.py\", line 39, in handle_event\n    order_event = parse_order_created(event)\n  File \"/home/ibrahim/projects/event-driven-orders/shared/events/order_events.py\", line 29, in parse_order_created\n    return OrderCreatedV2.model_validate(data)\n           ~~~~~~~~~~~~~~~~~~~~~~~~~~~~~^^^^^^\n  File \"/home/ibrahim/projects/event-driven-orders/.venv/lib/python3.14/site-packages/pydantic/main.py\", line 732, in model_validate\n    return cls.__pydantic_validator__.validate_python(\n           ~~~~~~~~~~~~~~~~~~~~~~~~~~~~~~~~~~~~~~~~~~^\n        obj,\n        ^^^^\n    ...<5 lines>...\n        by_name=by_name,\n        ^^^^^^^^^^^^^^^^\n    )\n    ^\npydantic_core._pydantic_core.ValidationError: 1 validation error for OrderCreatedV2\ntotal\n  Input should be a valid decimal [type=decimal_parsing, input_value='definitely-not-a-number', input_type=str]\n    For further information visit https://errors.pydantic.dev/2.13/v/decimal_parsing"}
[payment-worker] Produced event to payment-service.dlq partition=0 offset=2
[payment-worker] Event sent to dead-letter topic payment-service.dlq
[payment-worker] {"timestamp": "2026-10-06T14:07:05.073921+00:00", "level": "INFO", "service": "kafka-consumer:payment-service", "message": "Kafka offset committed", "event_id": "e288ca9d-6c39-4801-8fa2-11765082ede1", "event_type": "order.created", "order_id": 999999, "topic": "orders.events", "partition": 0, "offset": 36}
[payment-worker] {"timestamp": "2026-10-06T14:10:31.390213+00:00", "level": "INFO", "service": "kafka-consumer:payment-service", "message": "Kafka consumer subscribed", "topic": "orders.events"}
[payment-worker] {"timestamp": "2026-10-06T14:10:31.397064+00:00", "level": "INFO", "service": "payment-service", "message": "Payment Service started", "topic": "orders.events"}
[payment-worker] {"timestamp": "2026-10-06T14:13:20.503888+00:00", "level": "INFO", "service": "kafka-consumer:payment-service", "message": "Kafka event consumed", "event_id": "9044bae4-dade-4fbd-a2e3-7aeb2811d897", "event_type": "order.created", "order_id": 26, "topic": "orders.events", "partition": 0, "offset": 37}
[payment-worker] {"timestamp": "2026-10-06T14:13:20.509662+00:00", "level": "INFO", "service": "payment-service", "message": "Processing order.created", "event_id": "9044bae4-dade-4fbd-a2e3-7aeb2811d897", "event_type": "order.created", "order_id": 26}
[payment-worker] {"timestamp": "2026-10-06T14:13:21.209020+00:00", "level": "INFO", "service": "payment-service", "message": "Payment completed", "event_id": "2920b190-3ab0-4293-91d9-a83ba4f6868e", "event_type": "payment.completed", "order_id": 26}
[payment-worker] {"timestamp": "2026-10-06T14:13:21.254820+00:00", "level": "INFO", "service": "kafka-consumer:payment-service", "message": "Kafka offset committed", "event_id": "9044bae4-dade-4fbd-a2e3-7aeb2811d897", "event_type": "order.created", "order_id": 26, "topic": "orders.events", "partition": 0, "offset": 37}
[payment-worker] {"timestamp": "2026-10-06T14:13:23.076956+00:00", "level": "INFO", "service": "kafka-consumer:payment-service", "message": "Kafka event consumed", "event_id": "c1b11e52-13d8-4813-bce1-fc6959b00f3f", "event_type": "order.created", "order_id": 26, "topic": "orders.events", "partition": 0, "offset": 38}
[payment-worker] {"timestamp": "2026-10-06T14:13:23.080195+00:00", "level": "INFO", "service": "payment-service", "message": "Processing order.created", "event_id": "c1b11e52-13d8-4813-bce1-fc6959b00f3f", "event_type": "order.created", "order_id": 26}
[payment-worker] {"timestamp": "2026-10-06T14:13:23.151333+00:00", "level": "WARNING", "service": "payment-service", "message": "Duplicate order event ignored", "event_id": "c1b11e52-13d8-4813-bce1-fc6959b00f3f", "order_id": 26}
[payment-worker] {"timestamp": "2026-10-06T14:13:23.191308+00:00", "level": "INFO", "service": "kafka-consumer:payment-service", "message": "Kafka offset committed", "event_id": "c1b11e52-13d8-4813-bce1-fc6959b00f3f", "event_type": "order.created", "order_id": 26, "topic": "orders.events", "partition": 0, "offset": 38}
[payment-worker] {"timestamp": "2026-10-06T14:13:23.197601+00:00", "level": "INFO", "service": "kafka-consumer:payment-service", "message": "Kafka event consumed", "event_id": "c1b11e52-13d8-4813-bce1-fc6959b00f3f", "event_type": "order.created", "order_id": 26, "topic": "orders.events", "partition": 0, "offset": 39}
[payment-worker] {"timestamp": "2026-10-06T14:13:23.205275+00:00", "level": "INFO", "service": "payment-service", "message": "Processing order.created", "event_id": "c1b11e52-13d8-4813-bce1-fc6959b00f3f", "event_type": "order.created", "order_id": 26}
[payment-worker] {"timestamp": "2026-10-06T14:13:23.280598+00:00", "level": "WARNING", "service": "payment-service", "message": "Duplicate order event ignored", "event_id": "c1b11e52-13d8-4813-bce1-fc6959b00f3f", "order_id": 26}
[payment-worker] {"timestamp": "2026-10-06T14:13:23.305073+00:00", "level": "INFO", "service": "kafka-consumer:payment-service", "message": "Kafka offset committed", "event_id": "c1b11e52-13d8-4813-bce1-fc6959b00f3f", "event_type": "order.created", "order_id": 26, "topic": "orders.events", "partition": 0, "offset": 39}
[payment-worker] {"timestamp": "2026-10-06T14:13:27.976682+00:00", "level": "INFO", "service": "kafka-consumer:payment-service", "message": "Kafka event consumed", "event_id": "dff810ac-ad95-4bbb-ba56-c317cf29b576", "event_type": "order.created", "order_id": 27, "topic": "orders.events", "partition": 0, "offset": 40}
[payment-worker] {"timestamp": "2026-10-06T14:13:27.983924+00:00", "level": "INFO", "service": "payment-service", "message": "Processing order.created", "event_id": "dff810ac-ad95-4bbb-ba56-c317cf29b576", "event_type": "order.created", "order_id": 27}
[payment-worker] {"timestamp": "2026-10-06T14:13:28.172553+00:00", "level": "INFO", "service": "payment-service", "message": "Payment completed", "event_id": "ba5e3349-a860-4446-b414-3da21a5df3f3", "event_type": "payment.completed", "order_id": 27}
[payment-worker] {"timestamp": "2026-10-06T14:13:28.244443+00:00", "level": "INFO", "service": "kafka-consumer:payment-service", "message": "Kafka offset committed", "event_id": "dff810ac-ad95-4bbb-ba56-c317cf29b576", "event_type": "order.created", "order_id": 27, "topic": "orders.events", "partition": 0, "offset": 40}
[payment-worker] {"timestamp": "2026-10-06T14:13:30.555926+00:00", "level": "INFO", "service": "kafka-consumer:payment-service", "message": "Kafka event consumed", "event_id": "5d89d21c-a7fd-4e41-9651-5b8565177ed6", "event_type": "order.created", "order_id": 999999, "topic": "orders.events", "partition": 0, "offset": 41}
[payment-worker] {"timestamp": "2026-10-06T14:13:30.557008+00:00", "level": "WARNING", "service": "kafka-consumer:payment-service", "message": "Retrying Kafka event", "event_id": "5d89d21c-a7fd-4e41-9651-5b8565177ed6", "event_type": "order.created", "order_id": 999999, "topic": "orders.events", "partition": 0, "offset": 41}
[payment-worker] {"timestamp": "2026-10-06T14:13:31.558520+00:00", "level": "WARNING", "service": "kafka-consumer:payment-service", "message": "Retrying Kafka event", "event_id": "5d89d21c-a7fd-4e41-9651-5b8565177ed6", "event_type": "order.created", "order_id": 999999, "topic": "orders.events", "partition": 0, "offset": 41}
[payment-worker] {"timestamp": "2026-10-06T14:13:33.561440+00:00", "level": "ERROR", "service": "kafka-consumer:payment-service", "message": "Kafka event processing failed", "event_id": "5d89d21c-a7fd-4e41-9651-5b8565177ed6", "event_type": "order.created", "order_id": 999999, "topic": "orders.events", "partition": 0, "offset": 41, "exception": "Traceback (most recent call last):\n  File \"/home/ibrahim/projects/event-driven-orders/shared/kafka/consumer.py\", line 111, in run\n    handler(event)\n    ~~~~~~~^^^^^^^\n  File \"/home/ibrahim/projects/event-driven-orders/services/payment_service/worker.py\", line 39, in handle_event\n    order_event = parse_order_created(event)\n  File \"/home/ibrahim/projects/event-driven-orders/shared/events/order_events.py\", line 29, in parse_order_created\n    return OrderCreatedV2.model_validate(data)\n           ~~~~~~~~~~~~~~~~~~~~~~~~~~~~~^^^^^^\n  File \"/home/ibrahim/projects/event-driven-orders/.venv/lib/python3.14/site-packages/pydantic/main.py\", line 732, in model_validate\n    return cls.__pydantic_validator__.validate_python(\n           ~~~~~~~~~~~~~~~~~~~~~~~~~~~~~~~~~~~~~~~~~~^\n        obj,\n        ^^^^\n    ...<5 lines>...\n        by_name=by_name,\n        ^^^^^^^^^^^^^^^^\n    )\n    ^\npydantic_core._pydantic_core.ValidationError: 1 validation error for OrderCreatedV2\ntotal\n  Input should be a valid decimal [type=decimal_parsing, input_value='definitely-not-a-number', input_type=str]\n    For further information visit https://errors.pydantic.dev/2.13/v/decimal_parsing"}
[payment-worker] Produced event to payment-service.dlq partition=0 offset=3
[payment-worker] Event sent to dead-letter topic payment-service.dlq
[payment-worker] {"timestamp": "2026-10-06T14:13:33.646826+00:00", "level": "INFO", "service": "kafka-consumer:payment-service", "message": "Kafka offset committed", "event_id": "5d89d21c-a7fd-4e41-9651-5b8565177ed6", "event_type": "order.created", "order_id": 999999, "topic": "orders.events", "partition": 0, "offset": 41}
